// Jest Snapshot v1, https://goo.gl/fbAQLP

exports[`<App /> renders correctly text component 1`] = `
<div>
  Hello !
</div>
`;
